  Determining projects to restore...
/media/kysliuk/562CAB9C2CAB7621/Repo/kysliuk/OrvixFlow/OrvixFlow/OrvixFlow.Infrastructure/OrvixFlow.Infrastructure.csproj : warning NU1603: OrvixFlow.Infrastructure depends on Hangfire.PostgreSql (>= 1.8.23) but Hangfire.PostgreSql 1.8.23 was not found. Hangfire.PostgreSql 1.9.2 was resolved instead. [/media/kysliuk/562CAB9C2CAB7621/Repo/kysliuk/OrvixFlow/OrvixFlow/OrvixFlow.sln]
/media/kysliuk/562CAB9C2CAB7621/Repo/kysliuk/OrvixFlow/OrvixFlow/OrvixFlow.Tests/OrvixFlow.Tests.csproj : warning NU1603: OrvixFlow.Api depends on Hangfire.PostgreSql (>= 1.8.23) but Hangfire.PostgreSql 1.8.23 was not found. Hangfire.PostgreSql 1.9.2 was resolved instead. [/media/kysliuk/562CAB9C2CAB7621/Repo/kysliuk/OrvixFlow/OrvixFlow/OrvixFlow.sln]
/media/kysliuk/562CAB9C2CAB7621/Repo/kysliuk/OrvixFlow/OrvixFlow/OrvixFlow.Api/OrvixFlow.Api.csproj : warning NU1603: OrvixFlow.Api depends on Hangfire.PostgreSql (>= 1.8.23) but Hangfire.PostgreSql 1.8.23 was not found. Hangfire.PostgreSql 1.9.2 was resolved instead. [/media/kysliuk/562CAB9C2CAB7621/Repo/kysliuk/OrvixFlow/OrvixFlow/OrvixFlow.sln]
  All projects are up-to-date for restore.
/media/kysliuk/562CAB9C2CAB7621/Repo/kysliuk/OrvixFlow/OrvixFlow/OrvixFlow.Infrastructure/OrvixFlow.Infrastructure.csproj : warning NU1603: OrvixFlow.Infrastructure depends on Hangfire.PostgreSql (>= 1.8.23) but Hangfire.PostgreSql 1.8.23 was not found. Hangfire.PostgreSql 1.9.2 was resolved instead.
  OrvixFlow.Core -> /media/kysliuk/562CAB9C2CAB7621/Repo/kysliuk/OrvixFlow/OrvixFlow/OrvixFlow.Core/bin/Debug/net9.0/OrvixFlow.Core.dll
/media/kysliuk/562CAB9C2CAB7621/Repo/kysliuk/OrvixFlow/OrvixFlow/OrvixFlow.Tests/OrvixFlow.Tests.csproj : warning NU1603: OrvixFlow.Api depends on Hangfire.PostgreSql (>= 1.8.23) but Hangfire.PostgreSql 1.8.23 was not found. Hangfire.PostgreSql 1.9.2 was resolved instead.
/media/kysliuk/562CAB9C2CAB7621/Repo/kysliuk/OrvixFlow/OrvixFlow/OrvixFlow.Api/OrvixFlow.Api.csproj : warning NU1603: OrvixFlow.Api depends on Hangfire.PostgreSql (>= 1.8.23) but Hangfire.PostgreSql 1.8.23 was not found. Hangfire.PostgreSql 1.9.2 was resolved instead.
  OrvixFlow.Infrastructure -> /media/kysliuk/562CAB9C2CAB7621/Repo/kysliuk/OrvixFlow/OrvixFlow/OrvixFlow.Infrastructure/bin/Debug/net9.0/OrvixFlow.Infrastructure.dll
  OrvixFlow.Api -> /media/kysliuk/562CAB9C2CAB7621/Repo/kysliuk/OrvixFlow/OrvixFlow/OrvixFlow.Api/bin/Debug/net9.0/OrvixFlow.Api.dll
/home/kysliuk/dotnet/sdk/9.0.312/Microsoft.Common.CurrentVersion.targets(2433,5): warning MSB3277: Found conflicts between different versions of "Microsoft.EntityFrameworkCore" that could not be resolved. [/media/kysliuk/562CAB9C2CAB7621/Repo/kysliuk/OrvixFlow/OrvixFlow/OrvixFlow.Tests/OrvixFlow.Tests.csproj]
/home/kysliuk/dotnet/sdk/9.0.312/Microsoft.Common.CurrentVersion.targets(2433,5): warning MSB3277: There was a conflict between "Microsoft.EntityFrameworkCore, Version=9.0.0.0, Culture=neutral, PublicKeyToken=adb9793829ddae60" and "Microsoft.EntityFrameworkCore, Version=9.0.15.0, Culture=neutral, PublicKeyToken=adb9793829ddae60". [/media/kysliuk/562CAB9C2CAB7621/Repo/kysliuk/OrvixFlow/OrvixFlow/OrvixFlow.Tests/OrvixFlow.Tests.csproj]
/home/kysliuk/dotnet/sdk/9.0.312/Microsoft.Common.CurrentVersion.targets(2433,5): warning MSB3277:     "Microsoft.EntityFrameworkCore, Version=9.0.0.0, Culture=neutral, PublicKeyToken=adb9793829ddae60" was chosen because it was primary and "Microsoft.EntityFrameworkCore, Version=9.0.15.0, Culture=neutral, PublicKeyToken=adb9793829ddae60" was not. [/media/kysliuk/562CAB9C2CAB7621/Repo/kysliuk/OrvixFlow/OrvixFlow/OrvixFlow.Tests/OrvixFlow.Tests.csproj]
/home/kysliuk/dotnet/sdk/9.0.312/Microsoft.Common.CurrentVersion.targets(2433,5): warning MSB3277:     References which depend on "Microsoft.EntityFrameworkCore, Version=9.0.0.0, Culture=neutral, PublicKeyToken=adb9793829ddae60" [/home/kysliuk/.nuget/packages/microsoft.entityframeworkcore/9.0.0/lib/net8.0/Microsoft.EntityFrameworkCore.dll]. [/media/kysliuk/562CAB9C2CAB7621/Repo/kysliuk/OrvixFlow/OrvixFlow/OrvixFlow.Tests/OrvixFlow.Tests.csproj]
/home/kysliuk/dotnet/sdk/9.0.312/Microsoft.Common.CurrentVersion.targets(2433,5): warning MSB3277:         /home/kysliuk/.nuget/packages/microsoft.entityframeworkcore/9.0.0/lib/net8.0/Microsoft.EntityFrameworkCore.dll [/media/kysliuk/562CAB9C2CAB7621/Repo/kysliuk/OrvixFlow/OrvixFlow/OrvixFlow.Tests/OrvixFlow.Tests.csproj]
/home/kysliuk/dotnet/sdk/9.0.312/Microsoft.Common.CurrentVersion.targets(2433,5): warning MSB3277:           Project file item includes which caused reference "/home/kysliuk/.nuget/packages/microsoft.entityframeworkcore/9.0.0/lib/net8.0/Microsoft.EntityFrameworkCore.dll". [/media/kysliuk/562CAB9C2CAB7621/Repo/kysliuk/OrvixFlow/OrvixFlow/OrvixFlow.Tests/OrvixFlow.Tests.csproj]
/home/kysliuk/dotnet/sdk/9.0.312/Microsoft.Common.CurrentVersion.targets(2433,5): warning MSB3277:             /home/kysliuk/.nuget/packages/microsoft.entityframeworkcore/9.0.0/lib/net8.0/Microsoft.EntityFrameworkCore.dll [/media/kysliuk/562CAB9C2CAB7621/Repo/kysliuk/OrvixFlow/OrvixFlow/OrvixFlow.Tests/OrvixFlow.Tests.csproj]
/home/kysliuk/dotnet/sdk/9.0.312/Microsoft.Common.CurrentVersion.targets(2433,5): warning MSB3277:     References which depend on or have been unified to "Microsoft.EntityFrameworkCore, Version=9.0.15.0, Culture=neutral, PublicKeyToken=adb9793829ddae60" []. [/media/kysliuk/562CAB9C2CAB7621/Repo/kysliuk/OrvixFlow/OrvixFlow/OrvixFlow.Tests/OrvixFlow.Tests.csproj]
/home/kysliuk/dotnet/sdk/9.0.312/Microsoft.Common.CurrentVersion.targets(2433,5): warning MSB3277:         /media/kysliuk/562CAB9C2CAB7621/Repo/kysliuk/OrvixFlow/OrvixFlow/OrvixFlow.Api/bin/Debug/net9.0/OrvixFlow.Api.dll [/media/kysliuk/562CAB9C2CAB7621/Repo/kysliuk/OrvixFlow/OrvixFlow/OrvixFlow.Tests/OrvixFlow.Tests.csproj]
/home/kysliuk/dotnet/sdk/9.0.312/Microsoft.Common.CurrentVersion.targets(2433,5): warning MSB3277:           Project file item includes which caused reference "/media/kysliuk/562CAB9C2CAB7621/Repo/kysliuk/OrvixFlow/OrvixFlow/OrvixFlow.Api/bin/Debug/net9.0/OrvixFlow.Api.dll". [/media/kysliuk/562CAB9C2CAB7621/Repo/kysliuk/OrvixFlow/OrvixFlow/OrvixFlow.Tests/OrvixFlow.Tests.csproj]
/home/kysliuk/dotnet/sdk/9.0.312/Microsoft.Common.CurrentVersion.targets(2433,5): warning MSB3277:             /media/kysliuk/562CAB9C2CAB7621/Repo/kysliuk/OrvixFlow/OrvixFlow/OrvixFlow.Api/bin/Debug/net9.0/OrvixFlow.Api.dll [/media/kysliuk/562CAB9C2CAB7621/Repo/kysliuk/OrvixFlow/OrvixFlow/OrvixFlow.Tests/OrvixFlow.Tests.csproj]
/home/kysliuk/dotnet/sdk/9.0.312/Microsoft.Common.CurrentVersion.targets(2433,5): warning MSB3277:         /media/kysliuk/562CAB9C2CAB7621/Repo/kysliuk/OrvixFlow/OrvixFlow/OrvixFlow.Infrastructure/bin/Debug/net9.0/OrvixFlow.Infrastructure.dll [/media/kysliuk/562CAB9C2CAB7621/Repo/kysliuk/OrvixFlow/OrvixFlow/OrvixFlow.Tests/OrvixFlow.Tests.csproj]
/home/kysliuk/dotnet/sdk/9.0.312/Microsoft.Common.CurrentVersion.targets(2433,5): warning MSB3277:           Project file item includes which caused reference "/media/kysliuk/562CAB9C2CAB7621/Repo/kysliuk/OrvixFlow/OrvixFlow/OrvixFlow.Infrastructure/bin/Debug/net9.0/OrvixFlow.Infrastructure.dll". [/media/kysliuk/562CAB9C2CAB7621/Repo/kysliuk/OrvixFlow/OrvixFlow/OrvixFlow.Tests/OrvixFlow.Tests.csproj]
/home/kysliuk/dotnet/sdk/9.0.312/Microsoft.Common.CurrentVersion.targets(2433,5): warning MSB3277:             /media/kysliuk/562CAB9C2CAB7621/Repo/kysliuk/OrvixFlow/OrvixFlow/OrvixFlow.Infrastructure/bin/Debug/net9.0/OrvixFlow.Infrastructure.dll [/media/kysliuk/562CAB9C2CAB7621/Repo/kysliuk/OrvixFlow/OrvixFlow/OrvixFlow.Tests/OrvixFlow.Tests.csproj]
/home/kysliuk/dotnet/sdk/9.0.312/Microsoft.Common.CurrentVersion.targets(2433,5): warning MSB3277:             /media/kysliuk/562CAB9C2CAB7621/Repo/kysliuk/OrvixFlow/OrvixFlow/OrvixFlow.Api/bin/Debug/net9.0/OrvixFlow.Api.dll [/media/kysliuk/562CAB9C2CAB7621/Repo/kysliuk/OrvixFlow/OrvixFlow/OrvixFlow.Tests/OrvixFlow.Tests.csproj]
/home/kysliuk/dotnet/sdk/9.0.312/Microsoft.Common.CurrentVersion.targets(2433,5): warning MSB3277: Found conflicts between different versions of "Microsoft.EntityFrameworkCore.Relational" that could not be resolved. [/media/kysliuk/562CAB9C2CAB7621/Repo/kysliuk/OrvixFlow/OrvixFlow/OrvixFlow.Tests/OrvixFlow.Tests.csproj]
/home/kysliuk/dotnet/sdk/9.0.312/Microsoft.Common.CurrentVersion.targets(2433,5): warning MSB3277: There was a conflict between "Microsoft.EntityFrameworkCore.Relational, Version=9.0.0.0, Culture=neutral, PublicKeyToken=adb9793829ddae60" and "Microsoft.EntityFrameworkCore.Relational, Version=9.0.15.0, Culture=neutral, PublicKeyToken=adb9793829ddae60". [/media/kysliuk/562CAB9C2CAB7621/Repo/kysliuk/OrvixFlow/OrvixFlow/OrvixFlow.Tests/OrvixFlow.Tests.csproj]
/home/kysliuk/dotnet/sdk/9.0.312/Microsoft.Common.CurrentVersion.targets(2433,5): warning MSB3277:     "Microsoft.EntityFrameworkCore.Relational, Version=9.0.0.0, Culture=neutral, PublicKeyToken=adb9793829ddae60" was chosen because it was primary and "Microsoft.EntityFrameworkCore.Relational, Version=9.0.15.0, Culture=neutral, PublicKeyToken=adb9793829ddae60" was not. [/media/kysliuk/562CAB9C2CAB7621/Repo/kysliuk/OrvixFlow/OrvixFlow/OrvixFlow.Tests/OrvixFlow.Tests.csproj]
/home/kysliuk/dotnet/sdk/9.0.312/Microsoft.Common.CurrentVersion.targets(2433,5): warning MSB3277:     References which depend on "Microsoft.EntityFrameworkCore.Relational, Version=9.0.0.0, Culture=neutral, PublicKeyToken=adb9793829ddae60" [/home/kysliuk/.nuget/packages/microsoft.entityframeworkcore.relational/9.0.0/lib/net8.0/Microsoft.EntityFrameworkCore.Relational.dll]. [/media/kysliuk/562CAB9C2CAB7621/Repo/kysliuk/OrvixFlow/OrvixFlow/OrvixFlow.Tests/OrvixFlow.Tests.csproj]
/home/kysliuk/dotnet/sdk/9.0.312/Microsoft.Common.CurrentVersion.targets(2433,5): warning MSB3277:         /home/kysliuk/.nuget/packages/microsoft.entityframeworkcore.relational/9.0.0/lib/net8.0/Microsoft.EntityFrameworkCore.Relational.dll [/media/kysliuk/562CAB9C2CAB7621/Repo/kysliuk/OrvixFlow/OrvixFlow/OrvixFlow.Tests/OrvixFlow.Tests.csproj]
/home/kysliuk/dotnet/sdk/9.0.312/Microsoft.Common.CurrentVersion.targets(2433,5): warning MSB3277:           Project file item includes which caused reference "/home/kysliuk/.nuget/packages/microsoft.entityframeworkcore.relational/9.0.0/lib/net8.0/Microsoft.EntityFrameworkCore.Relational.dll". [/media/kysliuk/562CAB9C2CAB7621/Repo/kysliuk/OrvixFlow/OrvixFlow/OrvixFlow.Tests/OrvixFlow.Tests.csproj]
/home/kysliuk/dotnet/sdk/9.0.312/Microsoft.Common.CurrentVersion.targets(2433,5): warning MSB3277:             /home/kysliuk/.nuget/packages/microsoft.entityframeworkcore.relational/9.0.0/lib/net8.0/Microsoft.EntityFrameworkCore.Relational.dll [/media/kysliuk/562CAB9C2CAB7621/Repo/kysliuk/OrvixFlow/OrvixFlow/OrvixFlow.Tests/OrvixFlow.Tests.csproj]
/home/kysliuk/dotnet/sdk/9.0.312/Microsoft.Common.CurrentVersion.targets(2433,5): warning MSB3277:     References which depend on or have been unified to "Microsoft.EntityFrameworkCore.Relational, Version=9.0.15.0, Culture=neutral, PublicKeyToken=adb9793829ddae60" []. [/media/kysliuk/562CAB9C2CAB7621/Repo/kysliuk/OrvixFlow/OrvixFlow/OrvixFlow.Tests/OrvixFlow.Tests.csproj]
/home/kysliuk/dotnet/sdk/9.0.312/Microsoft.Common.CurrentVersion.targets(2433,5): warning MSB3277:         /media/kysliuk/562CAB9C2CAB7621/Repo/kysliuk/OrvixFlow/OrvixFlow/OrvixFlow.Api/bin/Debug/net9.0/OrvixFlow.Api.dll [/media/kysliuk/562CAB9C2CAB7621/Repo/kysliuk/OrvixFlow/OrvixFlow/OrvixFlow.Tests/OrvixFlow.Tests.csproj]
/home/kysliuk/dotnet/sdk/9.0.312/Microsoft.Common.CurrentVersion.targets(2433,5): warning MSB3277:           Project file item includes which caused reference "/media/kysliuk/562CAB9C2CAB7621/Repo/kysliuk/OrvixFlow/OrvixFlow/OrvixFlow.Api/bin/Debug/net9.0/OrvixFlow.Api.dll". [/media/kysliuk/562CAB9C2CAB7621/Repo/kysliuk/OrvixFlow/OrvixFlow/OrvixFlow.Tests/OrvixFlow.Tests.csproj]
/home/kysliuk/dotnet/sdk/9.0.312/Microsoft.Common.CurrentVersion.targets(2433,5): warning MSB3277:             /media/kysliuk/562CAB9C2CAB7621/Repo/kysliuk/OrvixFlow/OrvixFlow/OrvixFlow.Api/bin/Debug/net9.0/OrvixFlow.Api.dll [/media/kysliuk/562CAB9C2CAB7621/Repo/kysliuk/OrvixFlow/OrvixFlow/OrvixFlow.Tests/OrvixFlow.Tests.csproj]
/home/kysliuk/dotnet/sdk/9.0.312/Microsoft.Common.CurrentVersion.targets(2433,5): warning MSB3277:         /media/kysliuk/562CAB9C2CAB7621/Repo/kysliuk/OrvixFlow/OrvixFlow/OrvixFlow.Infrastructure/bin/Debug/net9.0/OrvixFlow.Infrastructure.dll [/media/kysliuk/562CAB9C2CAB7621/Repo/kysliuk/OrvixFlow/OrvixFlow/OrvixFlow.Tests/OrvixFlow.Tests.csproj]
/home/kysliuk/dotnet/sdk/9.0.312/Microsoft.Common.CurrentVersion.targets(2433,5): warning MSB3277:           Project file item includes which caused reference "/media/kysliuk/562CAB9C2CAB7621/Repo/kysliuk/OrvixFlow/OrvixFlow/OrvixFlow.Infrastructure/bin/Debug/net9.0/OrvixFlow.Infrastructure.dll". [/media/kysliuk/562CAB9C2CAB7621/Repo/kysliuk/OrvixFlow/OrvixFlow/OrvixFlow.Tests/OrvixFlow.Tests.csproj]
/home/kysliuk/dotnet/sdk/9.0.312/Microsoft.Common.CurrentVersion.targets(2433,5): warning MSB3277:             /media/kysliuk/562CAB9C2CAB7621/Repo/kysliuk/OrvixFlow/OrvixFlow/OrvixFlow.Infrastructure/bin/Debug/net9.0/OrvixFlow.Infrastructure.dll [/media/kysliuk/562CAB9C2CAB7621/Repo/kysliuk/OrvixFlow/OrvixFlow/OrvixFlow.Tests/OrvixFlow.Tests.csproj]
/home/kysliuk/dotnet/sdk/9.0.312/Microsoft.Common.CurrentVersion.targets(2433,5): warning MSB3277:             /media/kysliuk/562CAB9C2CAB7621/Repo/kysliuk/OrvixFlow/OrvixFlow/OrvixFlow.Api/bin/Debug/net9.0/OrvixFlow.Api.dll [/media/kysliuk/562CAB9C2CAB7621/Repo/kysliuk/OrvixFlow/OrvixFlow/OrvixFlow.Tests/OrvixFlow.Tests.csproj]
/media/kysliuk/562CAB9C2CAB7621/Repo/kysliuk/OrvixFlow/OrvixFlow/OrvixFlow.Tests/VirusScanDiTests.cs(118,35): warning CS0618: 'LocalFileStorage' is obsolete: 'Use MinIOFileStorage or AzureBlobFileStorage for all production and staging environments. LocalFileStorage is a dev-only fallback.' [/media/kysliuk/562CAB9C2CAB7621/Repo/kysliuk/OrvixFlow/OrvixFlow/OrvixFlow.Tests/OrvixFlow.Tests.csproj]
/media/kysliuk/562CAB9C2CAB7621/Repo/kysliuk/OrvixFlow/OrvixFlow/OrvixFlow.Tests/AgentPersonaTests.cs(102,23): warning CS1998: This async method lacks 'await' operators and will run synchronously. Consider using the 'await' operator to await non-blocking API calls, or 'await Task.Run(...)' to do CPU-bound work on a background thread. [/media/kysliuk/562CAB9C2CAB7621/Repo/kysliuk/OrvixFlow/OrvixFlow/OrvixFlow.Tests/OrvixFlow.Tests.csproj]
/media/kysliuk/562CAB9C2CAB7621/Repo/kysliuk/OrvixFlow/OrvixFlow/OrvixFlow.Tests/VirusScanDiTests.cs(201,32): warning CS0618: 'LocalFileStorage' is obsolete: 'Use MinIOFileStorage or AzureBlobFileStorage for all production and staging environments. LocalFileStorage is a dev-only fallback.' [/media/kysliuk/562CAB9C2CAB7621/Repo/kysliuk/OrvixFlow/OrvixFlow/OrvixFlow.Tests/OrvixFlow.Tests.csproj]
/media/kysliuk/562CAB9C2CAB7621/Repo/kysliuk/OrvixFlow/OrvixFlow/OrvixFlow.Tests/FileSignatureValidatorTests.cs(22,23): warning CS1998: This async method lacks 'await' operators and will run synchronously. Consider using the 'await' operator to await non-blocking API calls, or 'await Task.Run(...)' to do CPU-bound work on a background thread. [/media/kysliuk/562CAB9C2CAB7621/Repo/kysliuk/OrvixFlow/OrvixFlow/OrvixFlow.Tests/OrvixFlow.Tests.csproj]
/media/kysliuk/562CAB9C2CAB7621/Repo/kysliuk/OrvixFlow/OrvixFlow/OrvixFlow.Tests/FileSignatureValidatorTests.cs(35,23): warning CS1998: This async method lacks 'await' operators and will run synchronously. Consider using the 'await' operator to await non-blocking API calls, or 'await Task.Run(...)' to do CPU-bound work on a background thread. [/media/kysliuk/562CAB9C2CAB7621/Repo/kysliuk/OrvixFlow/OrvixFlow/OrvixFlow.Tests/OrvixFlow.Tests.csproj]
/media/kysliuk/562CAB9C2CAB7621/Repo/kysliuk/OrvixFlow/OrvixFlow/OrvixFlow.Tests/FileSignatureValidatorTests.cs(45,23): warning CS1998: This async method lacks 'await' operators and will run synchronously. Consider using the 'await' operator to await non-blocking API calls, or 'await Task.Run(...)' to do CPU-bound work on a background thread. [/media/kysliuk/562CAB9C2CAB7621/Repo/kysliuk/OrvixFlow/OrvixFlow/OrvixFlow.Tests/OrvixFlow.Tests.csproj]
/media/kysliuk/562CAB9C2CAB7621/Repo/kysliuk/OrvixFlow/OrvixFlow/OrvixFlow.Tests/GlobalRoleTests.cs(38,23): warning CS1998: This async method lacks 'await' operators and will run synchronously. Consider using the 'await' operator to await non-blocking API calls, or 'await Task.Run(...)' to do CPU-bound work on a background thread. [/media/kysliuk/562CAB9C2CAB7621/Repo/kysliuk/OrvixFlow/OrvixFlow/OrvixFlow.Tests/OrvixFlow.Tests.csproj]
/media/kysliuk/562CAB9C2CAB7621/Repo/kysliuk/OrvixFlow/OrvixFlow/OrvixFlow.Tests/GlobalRoleTests.cs(45,23): warning CS1998: This async method lacks 'await' operators and will run synchronously. Consider using the 'await' operator to await non-blocking API calls, or 'await Task.Run(...)' to do CPU-bound work on a background thread. [/media/kysliuk/562CAB9C2CAB7621/Repo/kysliuk/OrvixFlow/OrvixFlow/OrvixFlow.Tests/OrvixFlow.Tests.csproj]
/media/kysliuk/562CAB9C2CAB7621/Repo/kysliuk/OrvixFlow/OrvixFlow/OrvixFlow.Tests/FileSignatureValidatorTests.cs(55,23): warning CS1998: This async method lacks 'await' operators and will run synchronously. Consider using the 'await' operator to await non-blocking API calls, or 'await Task.Run(...)' to do CPU-bound work on a background thread. [/media/kysliuk/562CAB9C2CAB7621/Repo/kysliuk/OrvixFlow/OrvixFlow/OrvixFlow.Tests/OrvixFlow.Tests.csproj]
/media/kysliuk/562CAB9C2CAB7621/Repo/kysliuk/OrvixFlow/OrvixFlow/OrvixFlow.Tests/GlobalRoleTests.cs(52,23): warning CS1998: This async method lacks 'await' operators and will run synchronously. Consider using the 'await' operator to await non-blocking API calls, or 'await Task.Run(...)' to do CPU-bound work on a background thread. [/media/kysliuk/562CAB9C2CAB7621/Repo/kysliuk/OrvixFlow/OrvixFlow/OrvixFlow.Tests/OrvixFlow.Tests.csproj]
/media/kysliuk/562CAB9C2CAB7621/Repo/kysliuk/OrvixFlow/OrvixFlow/OrvixFlow.Tests/FileSignatureValidatorTests.cs(65,23): warning CS1998: This async method lacks 'await' operators and will run synchronously. Consider using the 'await' operator to await non-blocking API calls, or 'await Task.Run(...)' to do CPU-bound work on a background thread. [/media/kysliuk/562CAB9C2CAB7621/Repo/kysliuk/OrvixFlow/OrvixFlow/OrvixFlow.Tests/OrvixFlow.Tests.csproj]
/media/kysliuk/562CAB9C2CAB7621/Repo/kysliuk/OrvixFlow/OrvixFlow/OrvixFlow.Tests/GlobalRoleTests.cs(59,23): warning CS1998: This async method lacks 'await' operators and will run synchronously. Consider using the 'await' operator to await non-blocking API calls, or 'await Task.Run(...)' to do CPU-bound work on a background thread. [/media/kysliuk/562CAB9C2CAB7621/Repo/kysliuk/OrvixFlow/OrvixFlow/OrvixFlow.Tests/OrvixFlow.Tests.csproj]
/media/kysliuk/562CAB9C2CAB7621/Repo/kysliuk/OrvixFlow/OrvixFlow/OrvixFlow.Tests/GlobalRoleTests.cs(66,23): warning CS1998: This async method lacks 'await' operators and will run synchronously. Consider using the 'await' operator to await non-blocking API calls, or 'await Task.Run(...)' to do CPU-bound work on a background thread. [/media/kysliuk/562CAB9C2CAB7621/Repo/kysliuk/OrvixFlow/OrvixFlow/OrvixFlow.Tests/OrvixFlow.Tests.csproj]
/media/kysliuk/562CAB9C2CAB7621/Repo/kysliuk/OrvixFlow/OrvixFlow/OrvixFlow.Tests/GlobalRoleTests.cs(73,23): warning CS1998: This async method lacks 'await' operators and will run synchronously. Consider using the 'await' operator to await non-blocking API calls, or 'await Task.Run(...)' to do CPU-bound work on a background thread. [/media/kysliuk/562CAB9C2CAB7621/Repo/kysliuk/OrvixFlow/OrvixFlow/OrvixFlow.Tests/OrvixFlow.Tests.csproj]
/media/kysliuk/562CAB9C2CAB7621/Repo/kysliuk/OrvixFlow/OrvixFlow/OrvixFlow.Tests/GlobalRoleTests.cs(80,23): warning CS1998: This async method lacks 'await' operators and will run synchronously. Consider using the 'await' operator to await non-blocking API calls, or 'await Task.Run(...)' to do CPU-bound work on a background thread. [/media/kysliuk/562CAB9C2CAB7621/Repo/kysliuk/OrvixFlow/OrvixFlow/OrvixFlow.Tests/OrvixFlow.Tests.csproj]
/media/kysliuk/562CAB9C2CAB7621/Repo/kysliuk/OrvixFlow/OrvixFlow/OrvixFlow.Tests/GlobalRoleTests.cs(86,23): warning CS1998: This async method lacks 'await' operators and will run synchronously. Consider using the 'await' operator to await non-blocking API calls, or 'await Task.Run(...)' to do CPU-bound work on a background thread. [/media/kysliuk/562CAB9C2CAB7621/Repo/kysliuk/OrvixFlow/OrvixFlow/OrvixFlow.Tests/OrvixFlow.Tests.csproj]
/media/kysliuk/562CAB9C2CAB7621/Repo/kysliuk/OrvixFlow/OrvixFlow/OrvixFlow.Tests/BillingWave2Tests.cs(247,23): warning CS1998: This async method lacks 'await' operators and will run synchronously. Consider using the 'await' operator to await non-blocking API calls, or 'await Task.Run(...)' to do CPU-bound work on a background thread. [/media/kysliuk/562CAB9C2CAB7621/Repo/kysliuk/OrvixFlow/OrvixFlow/OrvixFlow.Tests/OrvixFlow.Tests.csproj]
/media/kysliuk/562CAB9C2CAB7621/Repo/kysliuk/OrvixFlow/OrvixFlow/OrvixFlow.Tests/LocalToMinioMigrationJobTests.cs(32,19): error CS7036: There is no argument given that corresponds to the required parameter 'tenantProvider' of 'AppDbContext.AppDbContext(DbContextOptions<AppDbContext>, ITenantProvider)' [/media/kysliuk/562CAB9C2CAB7621/Repo/kysliuk/OrvixFlow/OrvixFlow/OrvixFlow.Tests/OrvixFlow.Tests.csproj]
/media/kysliuk/562CAB9C2CAB7621/Repo/kysliuk/OrvixFlow/OrvixFlow/OrvixFlow.Tests/RagImageSupportTests.cs(32,23): warning CS1998: This async method lacks 'await' operators and will run synchronously. Consider using the 'await' operator to await non-blocking API calls, or 'await Task.Run(...)' to do CPU-bound work on a background thread. [/media/kysliuk/562CAB9C2CAB7621/Repo/kysliuk/OrvixFlow/OrvixFlow/OrvixFlow.Tests/OrvixFlow.Tests.csproj]
/media/kysliuk/562CAB9C2CAB7621/Repo/kysliuk/OrvixFlow/OrvixFlow/OrvixFlow.Tests/RagImageSupportTests.cs(48,23): warning CS1998: This async method lacks 'await' operators and will run synchronously. Consider using the 'await' operator to await non-blocking API calls, or 'await Task.Run(...)' to do CPU-bound work on a background thread. [/media/kysliuk/562CAB9C2CAB7621/Repo/kysliuk/OrvixFlow/OrvixFlow/OrvixFlow.Tests/OrvixFlow.Tests.csproj]
/media/kysliuk/562CAB9C2CAB7621/Repo/kysliuk/OrvixFlow/OrvixFlow/OrvixFlow.Tests/StripeWebhookTests.cs(129,23): warning CS1998: This async method lacks 'await' operators and will run synchronously. Consider using the 'await' operator to await non-blocking API calls, or 'await Task.Run(...)' to do CPU-bound work on a background thread. [/media/kysliuk/562CAB9C2CAB7621/Repo/kysliuk/OrvixFlow/OrvixFlow/OrvixFlow.Tests/OrvixFlow.Tests.csproj]
/media/kysliuk/562CAB9C2CAB7621/Repo/kysliuk/OrvixFlow/OrvixFlow/OrvixFlow.Tests/StripeWebhookTests.cs(188,13): warning CS0219: The variable 'customerId' is assigned but its value is never used [/media/kysliuk/562CAB9C2CAB7621/Repo/kysliuk/OrvixFlow/OrvixFlow/OrvixFlow.Tests/OrvixFlow.Tests.csproj]
/media/kysliuk/562CAB9C2CAB7621/Repo/kysliuk/OrvixFlow/OrvixFlow/OrvixFlow.Tests/StripeWebhookTests.cs(232,13): warning CS0219: The variable 'customerId' is assigned but its value is never used [/media/kysliuk/562CAB9C2CAB7621/Repo/kysliuk/OrvixFlow/OrvixFlow/OrvixFlow.Tests/OrvixFlow.Tests.csproj]
/media/kysliuk/562CAB9C2CAB7621/Repo/kysliuk/OrvixFlow/OrvixFlow/OrvixFlow.Tests/IntentClassifierServiceTests.cs(27,90): warning xUnit1026: Theory method 'HighRiskKeywordDetection_ContainsKeyword_ReturnsTrue' on test class 'IntentClassifierServiceTests' does not use parameter 'keyword'. Use the parameter, or remove the parameter and associated data. (https://xunit.net/xunit.analyzers/rules/xUnit1026) [/media/kysliuk/562CAB9C2CAB7621/Repo/kysliuk/OrvixFlow/OrvixFlow/OrvixFlow.Tests/OrvixFlow.Tests.csproj]
/media/kysliuk/562CAB9C2CAB7621/Repo/kysliuk/OrvixFlow/OrvixFlow/OrvixFlow.Tests/StripeWebhookTests.cs(367,73): warning xUnit1031: Test methods should not use blocking task operations, as they can cause deadlocks. Use an async test method and await instead. (https://xunit.net/xunit.analyzers/rules/xUnit1031) [/media/kysliuk/562CAB9C2CAB7621/Repo/kysliuk/OrvixFlow/OrvixFlow/OrvixFlow.Tests/OrvixFlow.Tests.csproj]

Build FAILED.

/media/kysliuk/562CAB9C2CAB7621/Repo/kysliuk/OrvixFlow/OrvixFlow/OrvixFlow.Infrastructure/OrvixFlow.Infrastructure.csproj : warning NU1603: OrvixFlow.Infrastructure depends on Hangfire.PostgreSql (>= 1.8.23) but Hangfire.PostgreSql 1.8.23 was not found. Hangfire.PostgreSql 1.9.2 was resolved instead. [/media/kysliuk/562CAB9C2CAB7621/Repo/kysliuk/OrvixFlow/OrvixFlow/OrvixFlow.sln]
/media/kysliuk/562CAB9C2CAB7621/Repo/kysliuk/OrvixFlow/OrvixFlow/OrvixFlow.Tests/OrvixFlow.Tests.csproj : warning NU1603: OrvixFlow.Api depends on Hangfire.PostgreSql (>= 1.8.23) but Hangfire.PostgreSql 1.8.23 was not found. Hangfire.PostgreSql 1.9.2 was resolved instead. [/media/kysliuk/562CAB9C2CAB7621/Repo/kysliuk/OrvixFlow/OrvixFlow/OrvixFlow.sln]
/media/kysliuk/562CAB9C2CAB7621/Repo/kysliuk/OrvixFlow/OrvixFlow/OrvixFlow.Api/OrvixFlow.Api.csproj : warning NU1603: OrvixFlow.Api depends on Hangfire.PostgreSql (>= 1.8.23) but Hangfire.PostgreSql 1.8.23 was not found. Hangfire.PostgreSql 1.9.2 was resolved instead. [/media/kysliuk/562CAB9C2CAB7621/Repo/kysliuk/OrvixFlow/OrvixFlow/OrvixFlow.sln]
/media/kysliuk/562CAB9C2CAB7621/Repo/kysliuk/OrvixFlow/OrvixFlow/OrvixFlow.Infrastructure/OrvixFlow.Infrastructure.csproj : warning NU1603: OrvixFlow.Infrastructure depends on Hangfire.PostgreSql (>= 1.8.23) but Hangfire.PostgreSql 1.8.23 was not found. Hangfire.PostgreSql 1.9.2 was resolved instead.
/media/kysliuk/562CAB9C2CAB7621/Repo/kysliuk/OrvixFlow/OrvixFlow/OrvixFlow.Tests/OrvixFlow.Tests.csproj : warning NU1603: OrvixFlow.Api depends on Hangfire.PostgreSql (>= 1.8.23) but Hangfire.PostgreSql 1.8.23 was not found. Hangfire.PostgreSql 1.9.2 was resolved instead.
/media/kysliuk/562CAB9C2CAB7621/Repo/kysliuk/OrvixFlow/OrvixFlow/OrvixFlow.Api/OrvixFlow.Api.csproj : warning NU1603: OrvixFlow.Api depends on Hangfire.PostgreSql (>= 1.8.23) but Hangfire.PostgreSql 1.8.23 was not found. Hangfire.PostgreSql 1.9.2 was resolved instead.
/home/kysliuk/dotnet/sdk/9.0.312/Microsoft.Common.CurrentVersion.targets(2433,5): warning MSB3277: Found conflicts between different versions of "Microsoft.EntityFrameworkCore" that could not be resolved. [/media/kysliuk/562CAB9C2CAB7621/Repo/kysliuk/OrvixFlow/OrvixFlow/OrvixFlow.Tests/OrvixFlow.Tests.csproj]
/home/kysliuk/dotnet/sdk/9.0.312/Microsoft.Common.CurrentVersion.targets(2433,5): warning MSB3277: There was a conflict between "Microsoft.EntityFrameworkCore, Version=9.0.0.0, Culture=neutral, PublicKeyToken=adb9793829ddae60" and "Microsoft.EntityFrameworkCore, Version=9.0.15.0, Culture=neutral, PublicKeyToken=adb9793829ddae60". [/media/kysliuk/562CAB9C2CAB7621/Repo/kysliuk/OrvixFlow/OrvixFlow/OrvixFlow.Tests/OrvixFlow.Tests.csproj]
/home/kysliuk/dotnet/sdk/9.0.312/Microsoft.Common.CurrentVersion.targets(2433,5): warning MSB3277:     "Microsoft.EntityFrameworkCore, Version=9.0.0.0, Culture=neutral, PublicKeyToken=adb9793829ddae60" was chosen because it was primary and "Microsoft.EntityFrameworkCore, Version=9.0.15.0, Culture=neutral, PublicKeyToken=adb9793829ddae60" was not. [/media/kysliuk/562CAB9C2CAB7621/Repo/kysliuk/OrvixFlow/OrvixFlow/OrvixFlow.Tests/OrvixFlow.Tests.csproj]
/home/kysliuk/dotnet/sdk/9.0.312/Microsoft.Common.CurrentVersion.targets(2433,5): warning MSB3277:     References which depend on "Microsoft.EntityFrameworkCore, Version=9.0.0.0, Culture=neutral, PublicKeyToken=adb9793829ddae60" [/home/kysliuk/.nuget/packages/microsoft.entityframeworkcore/9.0.0/lib/net8.0/Microsoft.EntityFrameworkCore.dll]. [/media/kysliuk/562CAB9C2CAB7621/Repo/kysliuk/OrvixFlow/OrvixFlow/OrvixFlow.Tests/OrvixFlow.Tests.csproj]
/home/kysliuk/dotnet/sdk/9.0.312/Microsoft.Common.CurrentVersion.targets(2433,5): warning MSB3277:         /home/kysliuk/.nuget/packages/microsoft.entityframeworkcore/9.0.0/lib/net8.0/Microsoft.EntityFrameworkCore.dll [/media/kysliuk/562CAB9C2CAB7621/Repo/kysliuk/OrvixFlow/OrvixFlow/OrvixFlow.Tests/OrvixFlow.Tests.csproj]
/home/kysliuk/dotnet/sdk/9.0.312/Microsoft.Common.CurrentVersion.targets(2433,5): warning MSB3277:           Project file item includes which caused reference "/home/kysliuk/.nuget/packages/microsoft.entityframeworkcore/9.0.0/lib/net8.0/Microsoft.EntityFrameworkCore.dll". [/media/kysliuk/562CAB9C2CAB7621/Repo/kysliuk/OrvixFlow/OrvixFlow/OrvixFlow.Tests/OrvixFlow.Tests.csproj]
/home/kysliuk/dotnet/sdk/9.0.312/Microsoft.Common.CurrentVersion.targets(2433,5): warning MSB3277:             /home/kysliuk/.nuget/packages/microsoft.entityframeworkcore/9.0.0/lib/net8.0/Microsoft.EntityFrameworkCore.dll [/media/kysliuk/562CAB9C2CAB7621/Repo/kysliuk/OrvixFlow/OrvixFlow/OrvixFlow.Tests/OrvixFlow.Tests.csproj]
/home/kysliuk/dotnet/sdk/9.0.312/Microsoft.Common.CurrentVersion.targets(2433,5): warning MSB3277:     References which depend on or have been unified to "Microsoft.EntityFrameworkCore, Version=9.0.15.0, Culture=neutral, PublicKeyToken=adb9793829ddae60" []. [/media/kysliuk/562CAB9C2CAB7621/Repo/kysliuk/OrvixFlow/OrvixFlow/OrvixFlow.Tests/OrvixFlow.Tests.csproj]
/home/kysliuk/dotnet/sdk/9.0.312/Microsoft.Common.CurrentVersion.targets(2433,5): warning MSB3277:         /media/kysliuk/562CAB9C2CAB7621/Repo/kysliuk/OrvixFlow/OrvixFlow/OrvixFlow.Api/bin/Debug/net9.0/OrvixFlow.Api.dll [/media/kysliuk/562CAB9C2CAB7621/Repo/kysliuk/OrvixFlow/OrvixFlow/OrvixFlow.Tests/OrvixFlow.Tests.csproj]
/home/kysliuk/dotnet/sdk/9.0.312/Microsoft.Common.CurrentVersion.targets(2433,5): warning MSB3277:           Project file item includes which caused reference "/media/kysliuk/562CAB9C2CAB7621/Repo/kysliuk/OrvixFlow/OrvixFlow/OrvixFlow.Api/bin/Debug/net9.0/OrvixFlow.Api.dll". [/media/kysliuk/562CAB9C2CAB7621/Repo/kysliuk/OrvixFlow/OrvixFlow/OrvixFlow.Tests/OrvixFlow.Tests.csproj]
/home/kysliuk/dotnet/sdk/9.0.312/Microsoft.Common.CurrentVersion.targets(2433,5): warning MSB3277:             /media/kysliuk/562CAB9C2CAB7621/Repo/kysliuk/OrvixFlow/OrvixFlow/OrvixFlow.Api/bin/Debug/net9.0/OrvixFlow.Api.dll [/media/kysliuk/562CAB9C2CAB7621/Repo/kysliuk/OrvixFlow/OrvixFlow/OrvixFlow.Tests/OrvixFlow.Tests.csproj]
/home/kysliuk/dotnet/sdk/9.0.312/Microsoft.Common.CurrentVersion.targets(2433,5): warning MSB3277:         /media/kysliuk/562CAB9C2CAB7621/Repo/kysliuk/OrvixFlow/OrvixFlow/OrvixFlow.Infrastructure/bin/Debug/net9.0/OrvixFlow.Infrastructure.dll [/media/kysliuk/562CAB9C2CAB7621/Repo/kysliuk/OrvixFlow/OrvixFlow/OrvixFlow.Tests/OrvixFlow.Tests.csproj]
/home/kysliuk/dotnet/sdk/9.0.312/Microsoft.Common.CurrentVersion.targets(2433,5): warning MSB3277:           Project file item includes which caused reference "/media/kysliuk/562CAB9C2CAB7621/Repo/kysliuk/OrvixFlow/OrvixFlow/OrvixFlow.Infrastructure/bin/Debug/net9.0/OrvixFlow.Infrastructure.dll". [/media/kysliuk/562CAB9C2CAB7621/Repo/kysliuk/OrvixFlow/OrvixFlow/OrvixFlow.Tests/OrvixFlow.Tests.csproj]
/home/kysliuk/dotnet/sdk/9.0.312/Microsoft.Common.CurrentVersion.targets(2433,5): warning MSB3277:             /media/kysliuk/562CAB9C2CAB7621/Repo/kysliuk/OrvixFlow/OrvixFlow/OrvixFlow.Infrastructure/bin/Debug/net9.0/OrvixFlow.Infrastructure.dll [/media/kysliuk/562CAB9C2CAB7621/Repo/kysliuk/OrvixFlow/OrvixFlow/OrvixFlow.Tests/OrvixFlow.Tests.csproj]
/home/kysliuk/dotnet/sdk/9.0.312/Microsoft.Common.CurrentVersion.targets(2433,5): warning MSB3277:             /media/kysliuk/562CAB9C2CAB7621/Repo/kysliuk/OrvixFlow/OrvixFlow/OrvixFlow.Api/bin/Debug/net9.0/OrvixFlow.Api.dll [/media/kysliuk/562CAB9C2CAB7621/Repo/kysliuk/OrvixFlow/OrvixFlow/OrvixFlow.Tests/OrvixFlow.Tests.csproj]
/home/kysliuk/dotnet/sdk/9.0.312/Microsoft.Common.CurrentVersion.targets(2433,5): warning MSB3277: Found conflicts between different versions of "Microsoft.EntityFrameworkCore.Relational" that could not be resolved. [/media/kysliuk/562CAB9C2CAB7621/Repo/kysliuk/OrvixFlow/OrvixFlow/OrvixFlow.Tests/OrvixFlow.Tests.csproj]
/home/kysliuk/dotnet/sdk/9.0.312/Microsoft.Common.CurrentVersion.targets(2433,5): warning MSB3277: There was a conflict between "Microsoft.EntityFrameworkCore.Relational, Version=9.0.0.0, Culture=neutral, PublicKeyToken=adb9793829ddae60" and "Microsoft.EntityFrameworkCore.Relational, Version=9.0.15.0, Culture=neutral, PublicKeyToken=adb9793829ddae60". [/media/kysliuk/562CAB9C2CAB7621/Repo/kysliuk/OrvixFlow/OrvixFlow/OrvixFlow.Tests/OrvixFlow.Tests.csproj]
/home/kysliuk/dotnet/sdk/9.0.312/Microsoft.Common.CurrentVersion.targets(2433,5): warning MSB3277:     "Microsoft.EntityFrameworkCore.Relational, Version=9.0.0.0, Culture=neutral, PublicKeyToken=adb9793829ddae60" was chosen because it was primary and "Microsoft.EntityFrameworkCore.Relational, Version=9.0.15.0, Culture=neutral, PublicKeyToken=adb9793829ddae60" was not. [/media/kysliuk/562CAB9C2CAB7621/Repo/kysliuk/OrvixFlow/OrvixFlow/OrvixFlow.Tests/OrvixFlow.Tests.csproj]
/home/kysliuk/dotnet/sdk/9.0.312/Microsoft.Common.CurrentVersion.targets(2433,5): warning MSB3277:     References which depend on "Microsoft.EntityFrameworkCore.Relational, Version=9.0.0.0, Culture=neutral, PublicKeyToken=adb9793829ddae60" [/home/kysliuk/.nuget/packages/microsoft.entityframeworkcore.relational/9.0.0/lib/net8.0/Microsoft.EntityFrameworkCore.Relational.dll]. [/media/kysliuk/562CAB9C2CAB7621/Repo/kysliuk/OrvixFlow/OrvixFlow/OrvixFlow.Tests/OrvixFlow.Tests.csproj]
/home/kysliuk/dotnet/sdk/9.0.312/Microsoft.Common.CurrentVersion.targets(2433,5): warning MSB3277:         /home/kysliuk/.nuget/packages/microsoft.entityframeworkcore.relational/9.0.0/lib/net8.0/Microsoft.EntityFrameworkCore.Relational.dll [/media/kysliuk/562CAB9C2CAB7621/Repo/kysliuk/OrvixFlow/OrvixFlow/OrvixFlow.Tests/OrvixFlow.Tests.csproj]
/home/kysliuk/dotnet/sdk/9.0.312/Microsoft.Common.CurrentVersion.targets(2433,5): warning MSB3277:           Project file item includes which caused reference "/home/kysliuk/.nuget/packages/microsoft.entityframeworkcore.relational/9.0.0/lib/net8.0/Microsoft.EntityFrameworkCore.Relational.dll". [/media/kysliuk/562CAB9C2CAB7621/Repo/kysliuk/OrvixFlow/OrvixFlow/OrvixFlow.Tests/OrvixFlow.Tests.csproj]
/home/kysliuk/dotnet/sdk/9.0.312/Microsoft.Common.CurrentVersion.targets(2433,5): warning MSB3277:             /home/kysliuk/.nuget/packages/microsoft.entityframeworkcore.relational/9.0.0/lib/net8.0/Microsoft.EntityFrameworkCore.Relational.dll [/media/kysliuk/562CAB9C2CAB7621/Repo/kysliuk/OrvixFlow/OrvixFlow/OrvixFlow.Tests/OrvixFlow.Tests.csproj]
/home/kysliuk/dotnet/sdk/9.0.312/Microsoft.Common.CurrentVersion.targets(2433,5): warning MSB3277:     References which depend on or have been unified to "Microsoft.EntityFrameworkCore.Relational, Version=9.0.15.0, Culture=neutral, PublicKeyToken=adb9793829ddae60" []. [/media/kysliuk/562CAB9C2CAB7621/Repo/kysliuk/OrvixFlow/OrvixFlow/OrvixFlow.Tests/OrvixFlow.Tests.csproj]
/home/kysliuk/dotnet/sdk/9.0.312/Microsoft.Common.CurrentVersion.targets(2433,5): warning MSB3277:         /media/kysliuk/562CAB9C2CAB7621/Repo/kysliuk/OrvixFlow/OrvixFlow/OrvixFlow.Api/bin/Debug/net9.0/OrvixFlow.Api.dll [/media/kysliuk/562CAB9C2CAB7621/Repo/kysliuk/OrvixFlow/OrvixFlow/OrvixFlow.Tests/OrvixFlow.Tests.csproj]
/home/kysliuk/dotnet/sdk/9.0.312/Microsoft.Common.CurrentVersion.targets(2433,5): warning MSB3277:           Project file item includes which caused reference "/media/kysliuk/562CAB9C2CAB7621/Repo/kysliuk/OrvixFlow/OrvixFlow/OrvixFlow.Api/bin/Debug/net9.0/OrvixFlow.Api.dll". [/media/kysliuk/562CAB9C2CAB7621/Repo/kysliuk/OrvixFlow/OrvixFlow/OrvixFlow.Tests/OrvixFlow.Tests.csproj]
/home/kysliuk/dotnet/sdk/9.0.312/Microsoft.Common.CurrentVersion.targets(2433,5): warning MSB3277:             /media/kysliuk/562CAB9C2CAB7621/Repo/kysliuk/OrvixFlow/OrvixFlow/OrvixFlow.Api/bin/Debug/net9.0/OrvixFlow.Api.dll [/media/kysliuk/562CAB9C2CAB7621/Repo/kysliuk/OrvixFlow/OrvixFlow/OrvixFlow.Tests/OrvixFlow.Tests.csproj]
/home/kysliuk/dotnet/sdk/9.0.312/Microsoft.Common.CurrentVersion.targets(2433,5): warning MSB3277:         /media/kysliuk/562CAB9C2CAB7621/Repo/kysliuk/OrvixFlow/OrvixFlow/OrvixFlow.Infrastructure/bin/Debug/net9.0/OrvixFlow.Infrastructure.dll [/media/kysliuk/562CAB9C2CAB7621/Repo/kysliuk/OrvixFlow/OrvixFlow/OrvixFlow.Tests/OrvixFlow.Tests.csproj]
/home/kysliuk/dotnet/sdk/9.0.312/Microsoft.Common.CurrentVersion.targets(2433,5): warning MSB3277:           Project file item includes which caused reference "/media/kysliuk/562CAB9C2CAB7621/Repo/kysliuk/OrvixFlow/OrvixFlow/OrvixFlow.Infrastructure/bin/Debug/net9.0/OrvixFlow.Infrastructure.dll". [/media/kysliuk/562CAB9C2CAB7621/Repo/kysliuk/OrvixFlow/OrvixFlow/OrvixFlow.Tests/OrvixFlow.Tests.csproj]
/home/kysliuk/dotnet/sdk/9.0.312/Microsoft.Common.CurrentVersion.targets(2433,5): warning MSB3277:             /media/kysliuk/562CAB9C2CAB7621/Repo/kysliuk/OrvixFlow/OrvixFlow/OrvixFlow.Infrastructure/bin/Debug/net9.0/OrvixFlow.Infrastructure.dll [/media/kysliuk/562CAB9C2CAB7621/Repo/kysliuk/OrvixFlow/OrvixFlow/OrvixFlow.Tests/OrvixFlow.Tests.csproj]
/home/kysliuk/dotnet/sdk/9.0.312/Microsoft.Common.CurrentVersion.targets(2433,5): warning MSB3277:             /media/kysliuk/562CAB9C2CAB7621/Repo/kysliuk/OrvixFlow/OrvixFlow/OrvixFlow.Api/bin/Debug/net9.0/OrvixFlow.Api.dll [/media/kysliuk/562CAB9C2CAB7621/Repo/kysliuk/OrvixFlow/OrvixFlow/OrvixFlow.Tests/OrvixFlow.Tests.csproj]
/media/kysliuk/562CAB9C2CAB7621/Repo/kysliuk/OrvixFlow/OrvixFlow/OrvixFlow.Tests/VirusScanDiTests.cs(118,35): warning CS0618: 'LocalFileStorage' is obsolete: 'Use MinIOFileStorage or AzureBlobFileStorage for all production and staging environments. LocalFileStorage is a dev-only fallback.' [/media/kysliuk/562CAB9C2CAB7621/Repo/kysliuk/OrvixFlow/OrvixFlow/OrvixFlow.Tests/OrvixFlow.Tests.csproj]
/media/kysliuk/562CAB9C2CAB7621/Repo/kysliuk/OrvixFlow/OrvixFlow/OrvixFlow.Tests/AgentPersonaTests.cs(102,23): warning CS1998: This async method lacks 'await' operators and will run synchronously. Consider using the 'await' operator to await non-blocking API calls, or 'await Task.Run(...)' to do CPU-bound work on a background thread. [/media/kysliuk/562CAB9C2CAB7621/Repo/kysliuk/OrvixFlow/OrvixFlow/OrvixFlow.Tests/OrvixFlow.Tests.csproj]
/media/kysliuk/562CAB9C2CAB7621/Repo/kysliuk/OrvixFlow/OrvixFlow/OrvixFlow.Tests/VirusScanDiTests.cs(201,32): warning CS0618: 'LocalFileStorage' is obsolete: 'Use MinIOFileStorage or AzureBlobFileStorage for all production and staging environments. LocalFileStorage is a dev-only fallback.' [/media/kysliuk/562CAB9C2CAB7621/Repo/kysliuk/OrvixFlow/OrvixFlow/OrvixFlow.Tests/OrvixFlow.Tests.csproj]
/media/kysliuk/562CAB9C2CAB7621/Repo/kysliuk/OrvixFlow/OrvixFlow/OrvixFlow.Tests/FileSignatureValidatorTests.cs(22,23): warning CS1998: This async method lacks 'await' operators and will run synchronously. Consider using the 'await' operator to await non-blocking API calls, or 'await Task.Run(...)' to do CPU-bound work on a background thread. [/media/kysliuk/562CAB9C2CAB7621/Repo/kysliuk/OrvixFlow/OrvixFlow/OrvixFlow.Tests/OrvixFlow.Tests.csproj]
/media/kysliuk/562CAB9C2CAB7621/Repo/kysliuk/OrvixFlow/OrvixFlow/OrvixFlow.Tests/FileSignatureValidatorTests.cs(35,23): warning CS1998: This async method lacks 'await' operators and will run synchronously. Consider using the 'await' operator to await non-blocking API calls, or 'await Task.Run(...)' to do CPU-bound work on a background thread. [/media/kysliuk/562CAB9C2CAB7621/Repo/kysliuk/OrvixFlow/OrvixFlow/OrvixFlow.Tests/OrvixFlow.Tests.csproj]
/media/kysliuk/562CAB9C2CAB7621/Repo/kysliuk/OrvixFlow/OrvixFlow/OrvixFlow.Tests/FileSignatureValidatorTests.cs(45,23): warning CS1998: This async method lacks 'await' operators and will run synchronously. Consider using the 'await' operator to await non-blocking API calls, or 'await Task.Run(...)' to do CPU-bound work on a background thread. [/media/kysliuk/562CAB9C2CAB7621/Repo/kysliuk/OrvixFlow/OrvixFlow/OrvixFlow.Tests/OrvixFlow.Tests.csproj]
/media/kysliuk/562CAB9C2CAB7621/Repo/kysliuk/OrvixFlow/OrvixFlow/OrvixFlow.Tests/GlobalRoleTests.cs(38,23): warning CS1998: This async method lacks 'await' operators and will run synchronously. Consider using the 'await' operator to await non-blocking API calls, or 'await Task.Run(...)' to do CPU-bound work on a background thread. [/media/kysliuk/562CAB9C2CAB7621/Repo/kysliuk/OrvixFlow/OrvixFlow/OrvixFlow.Tests/OrvixFlow.Tests.csproj]
/media/kysliuk/562CAB9C2CAB7621/Repo/kysliuk/OrvixFlow/OrvixFlow/OrvixFlow.Tests/GlobalRoleTests.cs(45,23): warning CS1998: This async method lacks 'await' operators and will run synchronously. Consider using the 'await' operator to await non-blocking API calls, or 'await Task.Run(...)' to do CPU-bound work on a background thread. [/media/kysliuk/562CAB9C2CAB7621/Repo/kysliuk/OrvixFlow/OrvixFlow/OrvixFlow.Tests/OrvixFlow.Tests.csproj]
/media/kysliuk/562CAB9C2CAB7621/Repo/kysliuk/OrvixFlow/OrvixFlow/OrvixFlow.Tests/FileSignatureValidatorTests.cs(55,23): warning CS1998: This async method lacks 'await' operators and will run synchronously. Consider using the 'await' operator to await non-blocking API calls, or 'await Task.Run(...)' to do CPU-bound work on a background thread. [/media/kysliuk/562CAB9C2CAB7621/Repo/kysliuk/OrvixFlow/OrvixFlow/OrvixFlow.Tests/OrvixFlow.Tests.csproj]
/media/kysliuk/562CAB9C2CAB7621/Repo/kysliuk/OrvixFlow/OrvixFlow/OrvixFlow.Tests/GlobalRoleTests.cs(52,23): warning CS1998: This async method lacks 'await' operators and will run synchronously. Consider using the 'await' operator to await non-blocking API calls, or 'await Task.Run(...)' to do CPU-bound work on a background thread. [/media/kysliuk/562CAB9C2CAB7621/Repo/kysliuk/OrvixFlow/OrvixFlow/OrvixFlow.Tests/OrvixFlow.Tests.csproj]
/media/kysliuk/562CAB9C2CAB7621/Repo/kysliuk/OrvixFlow/OrvixFlow/OrvixFlow.Tests/FileSignatureValidatorTests.cs(65,23): warning CS1998: This async method lacks 'await' operators and will run synchronously. Consider using the 'await' operator to await non-blocking API calls, or 'await Task.Run(...)' to do CPU-bound work on a background thread. [/media/kysliuk/562CAB9C2CAB7621/Repo/kysliuk/OrvixFlow/OrvixFlow/OrvixFlow.Tests/OrvixFlow.Tests.csproj]
/media/kysliuk/562CAB9C2CAB7621/Repo/kysliuk/OrvixFlow/OrvixFlow/OrvixFlow.Tests/GlobalRoleTests.cs(59,23): warning CS1998: This async method lacks 'await' operators and will run synchronously. Consider using the 'await' operator to await non-blocking API calls, or 'await Task.Run(...)' to do CPU-bound work on a background thread. [/media/kysliuk/562CAB9C2CAB7621/Repo/kysliuk/OrvixFlow/OrvixFlow/OrvixFlow.Tests/OrvixFlow.Tests.csproj]
/media/kysliuk/562CAB9C2CAB7621/Repo/kysliuk/OrvixFlow/OrvixFlow/OrvixFlow.Tests/GlobalRoleTests.cs(66,23): warning CS1998: This async method lacks 'await' operators and will run synchronously. Consider using the 'await' operator to await non-blocking API calls, or 'await Task.Run(...)' to do CPU-bound work on a background thread. [/media/kysliuk/562CAB9C2CAB7621/Repo/kysliuk/OrvixFlow/OrvixFlow/OrvixFlow.Tests/OrvixFlow.Tests.csproj]
/media/kysliuk/562CAB9C2CAB7621/Repo/kysliuk/OrvixFlow/OrvixFlow/OrvixFlow.Tests/GlobalRoleTests.cs(73,23): warning CS1998: This async method lacks 'await' operators and will run synchronously. Consider using the 'await' operator to await non-blocking API calls, or 'await Task.Run(...)' to do CPU-bound work on a background thread. [/media/kysliuk/562CAB9C2CAB7621/Repo/kysliuk/OrvixFlow/OrvixFlow/OrvixFlow.Tests/OrvixFlow.Tests.csproj]
/media/kysliuk/562CAB9C2CAB7621/Repo/kysliuk/OrvixFlow/OrvixFlow/OrvixFlow.Tests/GlobalRoleTests.cs(80,23): warning CS1998: This async method lacks 'await' operators and will run synchronously. Consider using the 'await' operator to await non-blocking API calls, or 'await Task.Run(...)' to do CPU-bound work on a background thread. [/media/kysliuk/562CAB9C2CAB7621/Repo/kysliuk/OrvixFlow/OrvixFlow/OrvixFlow.Tests/OrvixFlow.Tests.csproj]
/media/kysliuk/562CAB9C2CAB7621/Repo/kysliuk/OrvixFlow/OrvixFlow/OrvixFlow.Tests/GlobalRoleTests.cs(86,23): warning CS1998: This async method lacks 'await' operators and will run synchronously. Consider using the 'await' operator to await non-blocking API calls, or 'await Task.Run(...)' to do CPU-bound work on a background thread. [/media/kysliuk/562CAB9C2CAB7621/Repo/kysliuk/OrvixFlow/OrvixFlow/OrvixFlow.Tests/OrvixFlow.Tests.csproj]
/media/kysliuk/562CAB9C2CAB7621/Repo/kysliuk/OrvixFlow/OrvixFlow/OrvixFlow.Tests/BillingWave2Tests.cs(247,23): warning CS1998: This async method lacks 'await' operators and will run synchronously. Consider using the 'await' operator to await non-blocking API calls, or 'await Task.Run(...)' to do CPU-bound work on a background thread. [/media/kysliuk/562CAB9C2CAB7621/Repo/kysliuk/OrvixFlow/OrvixFlow/OrvixFlow.Tests/OrvixFlow.Tests.csproj]
/media/kysliuk/562CAB9C2CAB7621/Repo/kysliuk/OrvixFlow/OrvixFlow/OrvixFlow.Tests/RagImageSupportTests.cs(32,23): warning CS1998: This async method lacks 'await' operators and will run synchronously. Consider using the 'await' operator to await non-blocking API calls, or 'await Task.Run(...)' to do CPU-bound work on a background thread. [/media/kysliuk/562CAB9C2CAB7621/Repo/kysliuk/OrvixFlow/OrvixFlow/OrvixFlow.Tests/OrvixFlow.Tests.csproj]
/media/kysliuk/562CAB9C2CAB7621/Repo/kysliuk/OrvixFlow/OrvixFlow/OrvixFlow.Tests/RagImageSupportTests.cs(48,23): warning CS1998: This async method lacks 'await' operators and will run synchronously. Consider using the 'await' operator to await non-blocking API calls, or 'await Task.Run(...)' to do CPU-bound work on a background thread. [/media/kysliuk/562CAB9C2CAB7621/Repo/kysliuk/OrvixFlow/OrvixFlow/OrvixFlow.Tests/OrvixFlow.Tests.csproj]
/media/kysliuk/562CAB9C2CAB7621/Repo/kysliuk/OrvixFlow/OrvixFlow/OrvixFlow.Tests/StripeWebhookTests.cs(129,23): warning CS1998: This async method lacks 'await' operators and will run synchronously. Consider using the 'await' operator to await non-blocking API calls, or 'await Task.Run(...)' to do CPU-bound work on a background thread. [/media/kysliuk/562CAB9C2CAB7621/Repo/kysliuk/OrvixFlow/OrvixFlow/OrvixFlow.Tests/OrvixFlow.Tests.csproj]
/media/kysliuk/562CAB9C2CAB7621/Repo/kysliuk/OrvixFlow/OrvixFlow/OrvixFlow.Tests/StripeWebhookTests.cs(188,13): warning CS0219: The variable 'customerId' is assigned but its value is never used [/media/kysliuk/562CAB9C2CAB7621/Repo/kysliuk/OrvixFlow/OrvixFlow/OrvixFlow.Tests/OrvixFlow.Tests.csproj]
/media/kysliuk/562CAB9C2CAB7621/Repo/kysliuk/OrvixFlow/OrvixFlow/OrvixFlow.Tests/StripeWebhookTests.cs(232,13): warning CS0219: The variable 'customerId' is assigned but its value is never used [/media/kysliuk/562CAB9C2CAB7621/Repo/kysliuk/OrvixFlow/OrvixFlow/OrvixFlow.Tests/OrvixFlow.Tests.csproj]
/media/kysliuk/562CAB9C2CAB7621/Repo/kysliuk/OrvixFlow/OrvixFlow/OrvixFlow.Tests/IntentClassifierServiceTests.cs(27,90): warning xUnit1026: Theory method 'HighRiskKeywordDetection_ContainsKeyword_ReturnsTrue' on test class 'IntentClassifierServiceTests' does not use parameter 'keyword'. Use the parameter, or remove the parameter and associated data. (https://xunit.net/xunit.analyzers/rules/xUnit1026) [/media/kysliuk/562CAB9C2CAB7621/Repo/kysliuk/OrvixFlow/OrvixFlow/OrvixFlow.Tests/OrvixFlow.Tests.csproj]
/media/kysliuk/562CAB9C2CAB7621/Repo/kysliuk/OrvixFlow/OrvixFlow/OrvixFlow.Tests/StripeWebhookTests.cs(367,73): warning xUnit1031: Test methods should not use blocking task operations, as they can cause deadlocks. Use an async test method and await instead. (https://xunit.net/xunit.analyzers/rules/xUnit1031) [/media/kysliuk/562CAB9C2CAB7621/Repo/kysliuk/OrvixFlow/OrvixFlow/OrvixFlow.Tests/OrvixFlow.Tests.csproj]
/media/kysliuk/562CAB9C2CAB7621/Repo/kysliuk/OrvixFlow/OrvixFlow/OrvixFlow.Tests/LocalToMinioMigrationJobTests.cs(32,19): error CS7036: There is no argument given that corresponds to the required parameter 'tenantProvider' of 'AppDbContext.AppDbContext(DbContextOptions<AppDbContext>, ITenantProvider)' [/media/kysliuk/562CAB9C2CAB7621/Repo/kysliuk/OrvixFlow/OrvixFlow/OrvixFlow.Tests/OrvixFlow.Tests.csproj]
    32 Warning(s)
    1 Error(s)

Time Elapsed 00:00:19.19
