Provisioning OAuth user...
Raw Response Body: System.UnauthorizedAccessException: Tenant ID is missing from the current request context.
   at OrvixFlow.Api.Services.TenantProvider.GetTenantId() in /src/OrvixFlow.Api/Services/TenantProvider.cs:line 35
   at lambda_method293(Closure, QueryContext)
   at Microsoft.EntityFrameworkCore.Query.Internal.QueryCompiler.ExecuteCore[TResult](Expression query, Boolean async, CancellationToken cancellationToken)
   at Microsoft.EntityFrameworkCore.Query.Internal.QueryCompiler.ExecuteAsync[TResult](Expression query, CancellationToken cancellationToken)
   at Microsoft.EntityFrameworkCore.Query.Internal.EntityQueryProvider.ExecuteAsync[TResult](Expression expression, CancellationToken cancellationToken)
   at Microsoft.EntityFrameworkCore.EntityFrameworkQueryableExtensions.ExecuteAsync[TSource,TResult](MethodInfo operatorMethodInfo, IQueryable`1 source, Expression expression, CancellationToken cancellationToken)
   at Microsoft.EntityFrameworkCore.EntityFrameworkQueryableExtensions.ExecuteAsync[TSource,TResult](MethodInfo operatorMethodInfo, IQueryable`1 source, LambdaExpression expression, CancellationToken cancellationToken)
   at Microsoft.EntityFrameworkCore.EntityFrameworkQueryableExtensions.AnyAsync[TSource](IQueryable`1 source, Expression`1 predicate, CancellationToken cancellationToken)
   at OrvixFlow.Infrastructure.Auth.AuthService.EnsureOwnerMembershipAsync(Guid userId, Guid companyId) in /src/OrvixFlow.Infrastructure/Auth/AuthService.cs:line 209
   at OrvixFlow.Infrastructure.Auth.AuthService.ProvisionOAuthUserAsync(String email, String displayName, String provider, String externalId) in /src/OrvixFlow.Infrastructure/Auth/AuthService.cs:line 87
   at OrvixFlow.Api.Controllers.AuthController.OAuthProvision(OAuthProvisionRequest req) in /src/OrvixFlow.Api/Controllers/AuthController.cs:line 43
   at Microsoft.AspNetCore.Mvc.Infrastructure.ActionMethodExecutor.TaskOfIActionResultExecutor.Execute(ActionContext actionContext, IActionResultTypeMapper mapper, ObjectMethodExecutor executor, Object controller, Object[] arguments)
   at Microsoft.AspNetCore.Mvc.Infrastructure.ControllerActionInvoker.<InvokeActionMethodAsync>g__Awaited|12_0(ControllerActionInvoker invoker, ValueTask`1 actionResultValueTask)
   at Microsoft.AspNetCore.Mvc.Infrastructure.ControllerActionInvoker.<InvokeNextActionFilterAsync>g__Awaited|10_0(ControllerActionInvoker invoker, Task lastTask, State next, Scope scope, Object state, Boolean isCompleted)
   at Microsoft.AspNetCore.Mvc.Infrastructure.ControllerActionInvoker.Rethrow(ActionExecutedContextSealed context)
   at Microsoft.AspNetCore.Mvc.Infrastructure.ControllerActionInvoker.Next(State& next, Scope& scope, Object& state, Boolean& isCompleted)
   at Microsoft.AspNetCore.Mvc.Infrastructure.ControllerActionInvoker.<InvokeInnerFilterAsync>g__Awaited|13_0(ControllerActionInvoker invoker, Task lastTask, State next, Scope scope, Object state, Boolean isCompleted)
   at Microsoft.AspNetCore.Mvc.Infrastructure.ResourceInvoker.<InvokeFilterPipelineAsync>g__Awaited|20_0(ResourceInvoker invoker, Task lastTask, State next, Scope scope, Object state, Boolean isCompleted)
   at Microsoft.AspNetCore.Mvc.Infrastructure.ResourceInvoker.<InvokeAsync>g__Awaited|17_0(ResourceInvoker invoker, Task task, IDisposable scope)
   at Microsoft.AspNetCore.Mvc.Infrastructure.ResourceInvoker.<InvokeAsync>g__Awaited|17_0(ResourceInvoker invoker, Task task, IDisposable scope)
   at Microsoft.AspNetCore.Authorization.AuthorizationMiddleware.Invoke(HttpContext context)
   at Microsoft.AspNetCore.Authentication.AuthenticationMiddleware.Invoke(HttpContext context)
   at NSwag.AspNetCore.Middlewares.SwaggerUiIndexMiddleware.Invoke(HttpContext context)
   at NSwag.AspNetCore.Middlewares.RedirectToIndexMiddleware.Invoke(HttpContext context)
   at NSwag.AspNetCore.Middlewares.OpenApiDocumentMiddleware.Invoke(HttpContext context)
   at Microsoft.AspNetCore.Diagnostics.DeveloperExceptionPageMiddlewareImpl.Invoke(HttpContext context)

HEADERS
=======
Accept: */*
Connection: keep-alive
Host: localhost:8080
User-Agent: node
Accept-Encoding: gzip, deflate
Accept-Language: *
Content-Type: application/json
Content-Length: 103
sec-fetch-mode: cors

node : Failed to parse 
JSON: System.Unauthoriz
edAccessException: Tena
nt ID is missing from t
he current request cont
ext.
At line:1 char:1
+ node test-auth.js > t
est_output.txt 2>&1
+ ~~~~~~~~~~~~~~~~~~~~~
~~~~~~~~~~~~~~~~~~~
    + CategoryInfo     
         : NotSpecifi  
  ed: (Failed to par   
 se...equest contex    
t.:String) [], Rem    o
teException
    + FullyQualifiedEr 
   rorId : NativeComm  
  andError
 
   at OrvixFlow.Api.Ser
vices.TenantProvider.Ge
tTenantId() in /src/Orv
ixFlow.Api/Services/Ten
antProvider.cs:line 35
   at lambda_method293(
Closure, QueryContext)
   at Microsoft.EntityF
rameworkCore.Query.Inte
rnal.QueryCompiler.Exec
uteCore[TResult](Expres
sion query, Boolean asy
nc, CancellationToken c
ancellationToken)
   at Microsoft.EntityF
rameworkCore.Query.Inte
rnal.QueryCompiler.Exec
uteAsync[TResult](Expre
ssion query, Cancellati
onToken cancellationTok
en)
   at Microsoft.EntityF
rameworkCore.Query.Inte
rnal.EntityQueryProvide
r.ExecuteAsync[TResult]
(Expression expression,
 CancellationToken canc
ellationToken)
   at Microsoft.EntityF
rameworkCore.EntityFram
eworkQueryableExtension
s.ExecuteAsync[TSource,
TResult](MethodInfo ope
ratorMethodInfo, IQuery
able`1 source, Expressi
on expression, Cancella
tionToken cancellationT
oken)
   at Microsoft.EntityF
rameworkCore.EntityFram
eworkQueryableExtension
s.ExecuteAsync[TSource,
TResult](MethodInfo ope
ratorMethodInfo, IQuery
able`1 source, LambdaEx
pression expression, Ca
ncellationToken cancell
ationToken)
   at Microsoft.EntityF
rameworkCore.EntityFram
eworkQueryableExtension
s.AnyAsync[TSource](IQu
eryable`1 source, Expre
ssion`1 predicate, Canc
ellationToken cancellat
ionToken)
   at OrvixFlow.Infrast
ructure.Auth.AuthServic
e.EnsureOwnerMembership
Async(Guid userId, Guid
 companyId) in /src/Orv
ixFlow.Infrastructure/A
uth/AuthService.cs:line
 209
   at OrvixFlow.Infrast
ructure.Auth.AuthServic
e.ProvisionOAuthUserAsy
nc(String email, String
 displayName, String pr
ovider, String external
Id) in /src/OrvixFlow.I
nfrastructure/Auth/Auth
Service.cs:line 87
   at OrvixFlow.Api.Con
trollers.AuthController
.OAuthProvision(OAuthPr
ovisionRequest req) in 
/src/OrvixFlow.Api/Cont
rollers/AuthController.
cs:line 43
   at Microsoft.AspNetC
ore.Mvc.Infrastructure.
ActionMethodExecutor.Ta
skOfIActionResultExecut
or.Execute(ActionContex
t actionContext, IActio
nResultTypeMapper mappe
r, ObjectMethodExecutor
 executor, Object contr
oller, Object[] argumen
ts)
   at Microsoft.AspNetC
ore.Mvc.Infrastructure.
ControllerActionInvoker
.<InvokeActionMethodAsy
nc>g__Awaited|12_0(Cont
rollerActionInvoker inv
oker, ValueTask`1 actio
nResultValueTask)
   at Microsoft.AspNetC
ore.Mvc.Infrastructure.
ControllerActionInvoker
.<InvokeNextActionFilte
rAsync>g__Awaited|10_0(
ControllerActionInvoker
 invoker, Task lastTask
, State next, Scope sco
pe, Object state, Boole
an isCompleted)
   at Microsoft.AspNetC
ore.Mvc.Infrastructure.
ControllerActionInvoker
.Rethrow(ActionExecuted
ContextSealed context)
   at Microsoft.AspNetC
ore.Mvc.Infrastructure.
ControllerActionInvoker
.Next(State& next, Scop
e& scope, Object& state
, Boolean& isCompleted)
   at Microsoft.AspNetC
ore.Mvc.Infrastructure.
ControllerActionInvoker
.<InvokeInnerFilterAsyn
c>g__Awaited|13_0(Contr
ollerActionInvoker invo
ker, Task lastTask, Sta
te next, Scope scope, O
bject state, Boolean is
Completed)
   at Microsoft.AspNetC
ore.Mvc.Infrastructure.
ResourceInvoker.<Invoke
FilterPipelineAsync>g__
Awaited|20_0(ResourceIn
voker invoker, Task las
tTask, State next, Scop
e scope, Object state, 
Boolean isCompleted)
   at Microsoft.AspNetC
ore.Mvc.Infrastructure.
ResourceInvoker.<Invoke
Async>g__Awaited|17_0(R
esourceInvoker invoker,
 Task task, IDisposable
 scope)
   at Microsoft.AspNetC
ore.Mvc.Infrastructure.
ResourceInvoker.<Invoke
Async>g__Awaited|17_0(R
esourceInvoker invoker,
 Task task, IDisposable
 scope)
   at Microsoft.AspNetC
ore.Authorization.Autho
rizationMiddleware.Invo
ke(HttpContext context)
   at Microsoft.AspNetC
ore.Authentication.Auth
enticationMiddleware.In
voke(HttpContext contex
t)
   at NSwag.AspNetCore.
Middlewares.SwaggerUiIn
dexMiddleware.Invoke(Ht
tpContext context)
   at NSwag.AspNetCore.
Middlewares.RedirectToI
ndexMiddleware.Invoke(H
ttpContext context)
   at NSwag.AspNetCore.
Middlewares.OpenApiDocu
mentMiddleware.Invoke(H
ttpContext context)
   at Microsoft.AspNetC
ore.Diagnostics.Develop
erExceptionPageMiddlewa
reImpl.Invoke(HttpConte
xt context)

HEADERS
=======
Accept: */*
Connection: keep-alive
Host: localhost:8080
User-Agent: node
Accept-Encoding: gzip, 
deflate
Accept-Language: *
Content-Type: applicati
on/json
Content-Length: 103
sec-fetch-mode: cors

